// Jest Snapshot v1, https://goo.gl/fbAQLP

exports[`DashboardGrid Can render dashboard grid Should render 1`] = `
<SizeMe(GridWrapper)
  className="layout"
  isDraggable={true}
  isFullscreen={false}
  isResizable={true}
  layout={
    Array [
      Object {
        "h": 10,
        "i": "1",
        "w": 24,
        "x": 0,
        "y": 0,
      },
      Object {
        "h": 10,
        "i": "2",
        "w": 25,
        "x": 0,
        "y": 10,
      },
      Object {
        "h": 100,
        "i": "3",
        "w": 25,
        "x": 0,
        "y": 20,
      },
      Object {
        "h": 10,
        "i": "4",
        "w": 25,
        "x": 0,
        "y": 120,
      },
    ]
  }
  onDragStop={[Function]}
  onLayoutChange={[Function]}
  onResize={[Function]}
  onResizeStop={[Function]}
  onWidthChange={[Function]}
>
  <div
    className=""
    id="panel-1"
    key="1"
  >
    <Component>
      <Component />
    </Component>
  </div>
  <div
    className=""
    id="panel-2"
    key="2"
  >
    <Component>
      <Component />
    </Component>
  </div>
  <div
    className=""
    id="panel-3"
    key="3"
  >
    <Component>
      <Component />
    </Component>
  </div>
  <div
    className=""
    id="panel-4"
    key="4"
  >
    <Component>
      <Component />
    </Component>
  </div>
</SizeMe(GridWrapper)>
`;
